Analysis & Synthesis report for Projeto3
Sat Apr 24 11:48:15 2021
Quartus Prime Version 20.1.1 Build 720 11/11/2020 SJ Lite Edition


---------------------
; Table of Contents ;
---------------------
  1. Legal Notice
  2. Analysis & Synthesis Summary
  3. Analysis & Synthesis Settings
  4. Parallel Compilation
  5. Analysis & Synthesis Source Files Read
  6. Analysis & Synthesis Resource Usage Summary
  7. Analysis & Synthesis Resource Utilization by Entity
  8. State Machine - |teste|I2C_READ:inst|state
  9. State Machine - |teste|I2C_READ:inst|cnt
 10. Registers Removed During Synthesis
 11. General Register Statistics
 12. Multiplexer Restructuring Statistics (Restructuring Performed)
 13. Parameter Settings for User Entity Instance: I2C_READ:inst
 14. Parameter Settings for Inferred Entity Instance: data2temp:inst1|lpm_divide:Div1
 15. Parameter Settings for Inferred Entity Instance: data2temp:inst1|lpm_divide:Mod0
 16. Parameter Settings for Inferred Entity Instance: data2temp:inst1|lpm_divide:Mod1
 17. Parameter Settings for Inferred Entity Instance: data2temp:inst1|lpm_divide:Div0
 18. Post-Synthesis Netlist Statistics for Top Partition
 19. Elapsed Time Per Partition
 20. Analysis & Synthesis Messages



----------------
; Legal Notice ;
----------------
Copyright (C) 2020  Intel Corporation. All rights reserved.
Your use of Intel Corporation's design tools, logic functions 
and other software and tools, and any partner logic 
functions, and any output files from any of the foregoing 
(including device programming or simulation files), and any 
associated documentation or information are expressly subject 
to the terms and conditions of the Intel Program License 
Subscription Agreement, the Intel Quartus Prime License Agreement,
the Intel FPGA IP License Agreement, or other applicable license
agreement, including, without limitation, that your use is for
the sole purpose of programming logic devices manufactured by
Intel and sold by Intel or its authorized distributors.  Please
refer to the applicable agreement for further details, at
https://fpgasoftware.intel.com/eula.



+----------------------------------------------------------------------------------+
; Analysis & Synthesis Summary                                                     ;
+------------------------------------+---------------------------------------------+
; Analysis & Synthesis Status        ; Successful - Sat Apr 24 11:48:15 2021       ;
; Quartus Prime Version              ; 20.1.1 Build 720 11/11/2020 SJ Lite Edition ;
; Revision Name                      ; Projeto3                                    ;
; Top-level Entity Name              ; teste                                       ;
; Family                             ; Cyclone IV E                                ;
; Total logic elements               ; 333                                         ;
;     Total combinational functions  ; 333                                         ;
;     Dedicated logic registers      ; 78                                          ;
; Total registers                    ; 78                                          ;
; Total pins                         ; 15                                          ;
; Total virtual pins                 ; 0                                           ;
; Total memory bits                  ; 0                                           ;
; Embedded Multiplier 9-bit elements ; 0                                           ;
; Total PLLs                         ; 0                                           ;
+------------------------------------+---------------------------------------------+


+------------------------------------------------------------------------------------------------------------+
; Analysis & Synthesis Settings                                                                              ;
+------------------------------------------------------------------+--------------------+--------------------+
; Option                                                           ; Setting            ; Default Value      ;
+------------------------------------------------------------------+--------------------+--------------------+
; Device                                                           ; EP4CE6E22C8        ;                    ;
; Top-level entity name                                            ; teste              ; Projeto3           ;
; Family name                                                      ; Cyclone IV E       ; Cyclone V          ;
; Use smart compilation                                            ; Off                ; Off                ;
; Enable parallel Assembler and Timing Analyzer during compilation ; On                 ; On                 ;
; Enable compact report table                                      ; Off                ; Off                ;
; Restructure Multiplexers                                         ; Auto               ; Auto               ;
; Create Debugging Nodes for IP Cores                              ; Off                ; Off                ;
; Preserve fewer node names                                        ; On                 ; On                 ;
; Intel FPGA IP Evaluation Mode                                    ; Enable             ; Enable             ;
; Verilog Version                                                  ; Verilog_2001       ; Verilog_2001       ;
; VHDL Version                                                     ; VHDL_1993          ; VHDL_1993          ;
; State Machine Processing                                         ; Auto               ; Auto               ;
; Safe State Machine                                               ; Off                ; Off                ;
; Extract Verilog State Machines                                   ; On                 ; On                 ;
; Extract VHDL State Machines                                      ; On                 ; On                 ;
; Ignore Verilog initial constructs                                ; Off                ; Off                ;
; Iteration limit for constant Verilog loops                       ; 5000               ; 5000               ;
; Iteration limit for non-constant Verilog loops                   ; 250                ; 250                ;
; Add Pass-Through Logic to Inferred RAMs                          ; On                 ; On                 ;
; Infer RAMs from Raw Logic                                        ; On                 ; On                 ;
; Parallel Synthesis                                               ; On                 ; On                 ;
; DSP Block Balancing                                              ; Auto               ; Auto               ;
; NOT Gate Push-Back                                               ; On                 ; On                 ;
; Power-Up Don't Care                                              ; On                 ; On                 ;
; Remove Redundant Logic Cells                                     ; Off                ; Off                ;
; Remove Duplicate Registers                                       ; On                 ; On                 ;
; Ignore CARRY Buffers                                             ; Off                ; Off                ;
; Ignore CASCADE Buffers                                           ; Off                ; Off                ;
; Ignore GLOBAL Buffers                                            ; Off                ; Off                ;
; Ignore ROW GLOBAL Buffers                                        ; Off                ; Off                ;
; Ignore LCELL Buffers                                             ; Off                ; Off                ;
; Ignore SOFT Buffers                                              ; On                 ; On                 ;
; Limit AHDL Integers to 32 Bits                                   ; Off                ; Off                ;
; Optimization Technique                                           ; Balanced           ; Balanced           ;
; Carry Chain Length                                               ; 70                 ; 70                 ;
; Auto Carry Chains                                                ; On                 ; On                 ;
; Auto Open-Drain Pins                                             ; On                 ; On                 ;
; Perform WYSIWYG Primitive Resynthesis                            ; Off                ; Off                ;
; Auto ROM Replacement                                             ; On                 ; On                 ;
; Auto RAM Replacement                                             ; On                 ; On                 ;
; Auto DSP Block Replacement                                       ; On                 ; On                 ;
; Auto Shift Register Replacement                                  ; Auto               ; Auto               ;
; Allow Shift Register Merging across Hierarchies                  ; Auto               ; Auto               ;
; Auto Clock Enable Replacement                                    ; On                 ; On                 ;
; Strict RAM Replacement                                           ; Off                ; Off                ;
; Allow Synchronous Control Signals                                ; On                 ; On                 ;
; Force Use of Synchronous Clear Signals                           ; Off                ; Off                ;
; Auto RAM Block Balancing                                         ; On                 ; On                 ;
; Auto RAM to Logic Cell Conversion                                ; Off                ; Off                ;
; Auto Resource Sharing                                            ; Off                ; Off                ;
; Allow Any RAM Size For Recognition                               ; Off                ; Off                ;
; Allow Any ROM Size For Recognition                               ; Off                ; Off                ;
; Allow Any Shift Register Size For Recognition                    ; Off                ; Off                ;
; Use LogicLock Constraints during Resource Balancing              ; On                 ; On                 ;
; Ignore translate_off and synthesis_off directives                ; Off                ; Off                ;
; Timing-Driven Synthesis                                          ; On                 ; On                 ;
; Report Parameter Settings                                        ; On                 ; On                 ;
; Report Source Assignments                                        ; On                 ; On                 ;
; Report Connectivity Checks                                       ; On                 ; On                 ;
; Ignore Maximum Fan-Out Assignments                               ; Off                ; Off                ;
; Synchronization Register Chain Length                            ; 2                  ; 2                  ;
; Power Optimization During Synthesis                              ; Normal compilation ; Normal compilation ;
; HDL message level                                                ; Level2             ; Level2             ;
; Suppress Register Optimization Related Messages                  ; Off                ; Off                ;
; Number of Removed Registers Reported in Synthesis Report         ; 5000               ; 5000               ;
; Number of Swept Nodes Reported in Synthesis Report               ; 5000               ; 5000               ;
; Number of Inverted Registers Reported in Synthesis Report        ; 100                ; 100                ;
; Clock MUX Protection                                             ; On                 ; On                 ;
; Auto Gated Clock Conversion                                      ; Off                ; Off                ;
; Block Design Naming                                              ; Auto               ; Auto               ;
; SDC constraint protection                                        ; Off                ; Off                ;
; Synthesis Effort                                                 ; Auto               ; Auto               ;
; Shift Register Replacement - Allow Asynchronous Clear Signal     ; On                 ; On                 ;
; Pre-Mapping Resynthesis Optimization                             ; Off                ; Off                ;
; Analysis & Synthesis Message Level                               ; Medium             ; Medium             ;
; Disable Register Merging Across Hierarchies                      ; Auto               ; Auto               ;
; Resource Aware Inference For Block RAM                           ; On                 ; On                 ;
+------------------------------------------------------------------+--------------------+--------------------+


+------------------------------------------+
; Parallel Compilation                     ;
+----------------------------+-------------+
; Processors                 ; Number      ;
+----------------------------+-------------+
; Number detected on machine ; 4           ;
; Maximum allowed            ; 4           ;
;                            ;             ;
; Average used               ; 1.00        ;
; Maximum used               ; 4           ;
;                            ;             ;
; Usage by Processor         ; % Time Used ;
;     Processor 1            ; 100.0%      ;
;     Processors 2-4         ;   0.0%      ;
+----------------------------+-------------+


+--------------------------------------------------------------------------------------------------------------------------------------------------------------------------------+
; Analysis & Synthesis Source Files Read                                                                                                                                         ;
+----------------------------------+-----------------+------------------------------------+----------------------------------------------------------------------------+---------+
; File Name with User-Entered Path ; Used in Netlist ; File Type                          ; File Name with Absolute Path                                               ; Library ;
+----------------------------------+-----------------+------------------------------------+----------------------------------------------------------------------------+---------+
; seteseg.vhd                      ; yes             ; User VHDL File                     ; D:/Estudo/Eletronica_Digital/P3/seteseg.vhd                                ;         ;
; I2C_READ.v                       ; yes             ; User Verilog HDL File              ; D:/Estudo/Eletronica_Digital/P3/I2C_READ.v                                 ;         ;
; data2temp.vhd                    ; yes             ; User VHDL File                     ; D:/Estudo/Eletronica_Digital/P3/data2temp.vhd                              ;         ;
; teste.bdf                        ; yes             ; User Block Diagram/Schematic File  ; D:/Estudo/Eletronica_Digital/P3/teste.bdf                                  ;         ;
; lpm_divide.tdf                   ; yes             ; Megafunction                       ; c:/intelfpga_lite/20.1/quartus/libraries/megafunctions/lpm_divide.tdf      ;         ;
; abs_divider.inc                  ; yes             ; Megafunction                       ; c:/intelfpga_lite/20.1/quartus/libraries/megafunctions/abs_divider.inc     ;         ;
; sign_div_unsign.inc              ; yes             ; Megafunction                       ; c:/intelfpga_lite/20.1/quartus/libraries/megafunctions/sign_div_unsign.inc ;         ;
; aglobal201.inc                   ; yes             ; Megafunction                       ; c:/intelfpga_lite/20.1/quartus/libraries/megafunctions/aglobal201.inc      ;         ;
; db/lpm_divide_uim.tdf            ; yes             ; Auto-Generated Megafunction        ; D:/Estudo/Eletronica_Digital/P3/db/lpm_divide_uim.tdf                      ;         ;
; db/sign_div_unsign_mlh.tdf       ; yes             ; Auto-Generated Megafunction        ; D:/Estudo/Eletronica_Digital/P3/db/sign_div_unsign_mlh.tdf                 ;         ;
; db/alt_u_div_07f.tdf             ; yes             ; Auto-Generated Megafunction        ; D:/Estudo/Eletronica_Digital/P3/db/alt_u_div_07f.tdf                       ;         ;
; db/add_sub_7pc.tdf               ; yes             ; Auto-Generated Megafunction        ; D:/Estudo/Eletronica_Digital/P3/db/add_sub_7pc.tdf                         ;         ;
; db/add_sub_8pc.tdf               ; yes             ; Auto-Generated Megafunction        ; D:/Estudo/Eletronica_Digital/P3/db/add_sub_8pc.tdf                         ;         ;
; db/lpm_divide_gcm.tdf            ; yes             ; Auto-Generated Megafunction        ; D:/Estudo/Eletronica_Digital/P3/db/lpm_divide_gcm.tdf                      ;         ;
; db/sign_div_unsign_5nh.tdf       ; yes             ; Auto-Generated Megafunction        ; D:/Estudo/Eletronica_Digital/P3/db/sign_div_unsign_5nh.tdf                 ;         ;
; db/alt_u_div_u9f.tdf             ; yes             ; Auto-Generated Megafunction        ; D:/Estudo/Eletronica_Digital/P3/db/alt_u_div_u9f.tdf                       ;         ;
; db/lpm_divide_1jm.tdf            ; yes             ; Auto-Generated Megafunction        ; D:/Estudo/Eletronica_Digital/P3/db/lpm_divide_1jm.tdf                      ;         ;
; db/sign_div_unsign_plh.tdf       ; yes             ; Auto-Generated Megafunction        ; D:/Estudo/Eletronica_Digital/P3/db/sign_div_unsign_plh.tdf                 ;         ;
; db/alt_u_div_67f.tdf             ; yes             ; Auto-Generated Megafunction        ; D:/Estudo/Eletronica_Digital/P3/db/alt_u_div_67f.tdf                       ;         ;
+----------------------------------+-----------------+------------------------------------+----------------------------------------------------------------------------+---------+


+-----------------------------------------------------------+
; Analysis & Synthesis Resource Usage Summary               ;
+---------------------------------------------+-------------+
; Resource                                    ; Usage       ;
+---------------------------------------------+-------------+
; Estimated Total logic elements              ; 333         ;
;                                             ;             ;
; Total combinational functions               ; 333         ;
; Logic element usage by number of LUT inputs ;             ;
;     -- 4 input functions                    ; 88          ;
;     -- 3 input functions                    ; 62          ;
;     -- <=2 input functions                  ; 183         ;
;                                             ;             ;
; Logic elements by mode                      ;             ;
;     -- normal mode                          ; 216         ;
;     -- arithmetic mode                      ; 117         ;
;                                             ;             ;
; Total registers                             ; 78          ;
;     -- Dedicated logic registers            ; 78          ;
;     -- I/O registers                        ; 0           ;
;                                             ;             ;
; I/O pins                                    ; 15          ;
;                                             ;             ;
; Embedded Multiplier 9-bit elements          ; 0           ;
;                                             ;             ;
; Maximum fan-out node                        ; clock~input ;
; Maximum fan-out                             ; 78          ;
; Total fan-out                               ; 1056        ;
; Average fan-out                             ; 2.39        ;
+---------------------------------------------+-------------+


+------------------------------------------------------------------------------------------------------------------------------------------------------------------------------------------------------------------------------------------------------------------------------------------------------------------------------------+
; Analysis & Synthesis Resource Utilization by Entity                                                                                                                                                                                                                                                                                ;
+-------------------------------------------+---------------------+---------------------------+-------------+--------------+---------+-----------+------+--------------+------------------------------------------------------------------------------------------------------------------------+---------------------+--------------+
; Compilation Hierarchy Node                ; Combinational ALUTs ; Dedicated Logic Registers ; Memory Bits ; DSP Elements ; DSP 9x9 ; DSP 18x18 ; Pins ; Virtual Pins ; Full Hierarchy Name                                                                                                    ; Entity Name         ; Library Name ;
+-------------------------------------------+---------------------+---------------------------+-------------+--------------+---------+-----------+------+--------------+------------------------------------------------------------------------------------------------------------------------+---------------------+--------------+
; |teste                                    ; 333 (0)             ; 78 (0)                    ; 0           ; 0            ; 0       ; 0         ; 15   ; 0            ; |teste                                                                                                                 ; teste               ; work         ;
;    |I2C_READ:inst|                        ; 118 (118)           ; 60 (60)                   ; 0           ; 0            ; 0       ; 0         ; 0    ; 0            ; |teste|I2C_READ:inst                                                                                                   ; I2C_READ            ; work         ;
;    |data2temp:inst1|                      ; 162 (0)             ; 0 (0)                     ; 0           ; 0            ; 0       ; 0         ; 0    ; 0            ; |teste|data2temp:inst1                                                                                                 ; data2temp           ; work         ;
;       |lpm_divide:Div0|                   ; 7 (0)               ; 0 (0)                     ; 0           ; 0            ; 0       ; 0         ; 0    ; 0            ; |teste|data2temp:inst1|lpm_divide:Div0                                                                                 ; lpm_divide          ; work         ;
;          |lpm_divide_1jm:auto_generated|  ; 7 (0)               ; 0 (0)                     ; 0           ; 0            ; 0       ; 0         ; 0    ; 0            ; |teste|data2temp:inst1|lpm_divide:Div0|lpm_divide_1jm:auto_generated                                                   ; lpm_divide_1jm      ; work         ;
;             |sign_div_unsign_plh:divider| ; 7 (0)               ; 0 (0)                     ; 0           ; 0            ; 0       ; 0         ; 0    ; 0            ; |teste|data2temp:inst1|lpm_divide:Div0|lpm_divide_1jm:auto_generated|sign_div_unsign_plh:divider                       ; sign_div_unsign_plh ; work         ;
;                |alt_u_div_67f:divider|    ; 7 (7)               ; 0 (0)                     ; 0           ; 0            ; 0       ; 0         ; 0    ; 0            ; |teste|data2temp:inst1|lpm_divide:Div0|lpm_divide_1jm:auto_generated|sign_div_unsign_plh:divider|alt_u_div_67f:divider ; alt_u_div_67f       ; work         ;
;       |lpm_divide:Div1|                   ; 44 (0)              ; 0 (0)                     ; 0           ; 0            ; 0       ; 0         ; 0    ; 0            ; |teste|data2temp:inst1|lpm_divide:Div1                                                                                 ; lpm_divide          ; work         ;
;          |lpm_divide_uim:auto_generated|  ; 44 (0)              ; 0 (0)                     ; 0           ; 0            ; 0       ; 0         ; 0    ; 0            ; |teste|data2temp:inst1|lpm_divide:Div1|lpm_divide_uim:auto_generated                                                   ; lpm_divide_uim      ; work         ;
;             |sign_div_unsign_mlh:divider| ; 44 (0)              ; 0 (0)                     ; 0           ; 0            ; 0       ; 0         ; 0    ; 0            ; |teste|data2temp:inst1|lpm_divide:Div1|lpm_divide_uim:auto_generated|sign_div_unsign_mlh:divider                       ; sign_div_unsign_mlh ; work         ;
;                |alt_u_div_07f:divider|    ; 44 (44)             ; 0 (0)                     ; 0           ; 0            ; 0       ; 0         ; 0    ; 0            ; |teste|data2temp:inst1|lpm_divide:Div1|lpm_divide_uim:auto_generated|sign_div_unsign_mlh:divider|alt_u_div_07f:divider ; alt_u_div_07f       ; work         ;
;       |lpm_divide:Mod0|                   ; 14 (0)              ; 0 (0)                     ; 0           ; 0            ; 0       ; 0         ; 0    ; 0            ; |teste|data2temp:inst1|lpm_divide:Mod0                                                                                 ; lpm_divide          ; work         ;
;          |lpm_divide_gcm:auto_generated|  ; 14 (0)              ; 0 (0)                     ; 0           ; 0            ; 0       ; 0         ; 0    ; 0            ; |teste|data2temp:inst1|lpm_divide:Mod0|lpm_divide_gcm:auto_generated                                                   ; lpm_divide_gcm      ; work         ;
;             |sign_div_unsign_5nh:divider| ; 14 (0)              ; 0 (0)                     ; 0           ; 0            ; 0       ; 0         ; 0    ; 0            ; |teste|data2temp:inst1|lpm_divide:Mod0|lpm_divide_gcm:auto_generated|sign_div_unsign_5nh:divider                       ; sign_div_unsign_5nh ; work         ;
;                |alt_u_div_u9f:divider|    ; 14 (14)             ; 0 (0)                     ; 0           ; 0            ; 0       ; 0         ; 0    ; 0            ; |teste|data2temp:inst1|lpm_divide:Mod0|lpm_divide_gcm:auto_generated|sign_div_unsign_5nh:divider|alt_u_div_u9f:divider ; alt_u_div_u9f       ; work         ;
;       |lpm_divide:Mod1|                   ; 97 (0)              ; 0 (0)                     ; 0           ; 0            ; 0       ; 0         ; 0    ; 0            ; |teste|data2temp:inst1|lpm_divide:Mod1                                                                                 ; lpm_divide          ; work         ;
;          |lpm_divide_gcm:auto_generated|  ; 97 (0)              ; 0 (0)                     ; 0           ; 0            ; 0       ; 0         ; 0    ; 0            ; |teste|data2temp:inst1|lpm_divide:Mod1|lpm_divide_gcm:auto_generated                                                   ; lpm_divide_gcm      ; work         ;
;             |sign_div_unsign_5nh:divider| ; 97 (0)              ; 0 (0)                     ; 0           ; 0            ; 0       ; 0         ; 0    ; 0            ; |teste|data2temp:inst1|lpm_divide:Mod1|lpm_divide_gcm:auto_generated|sign_div_unsign_5nh:divider                       ; sign_div_unsign_5nh ; work         ;
;                |alt_u_div_u9f:divider|    ; 97 (97)             ; 0 (0)                     ; 0           ; 0            ; 0       ; 0         ; 0    ; 0            ; |teste|data2temp:inst1|lpm_divide:Mod1|lpm_divide_gcm:auto_generated|sign_div_unsign_5nh:divider|alt_u_div_u9f:divider ; alt_u_div_u9f       ; work         ;
;    |seteseg:inst3|                        ; 53 (53)             ; 18 (18)                   ; 0           ; 0            ; 0       ; 0         ; 0    ; 0            ; |teste|seteseg:inst3                                                                                                   ; seteseg             ; work         ;
+-------------------------------------------+---------------------+---------------------------+-------------+--------------+---------+-----------+------+--------------+------------------------------------------------------------------------------------------------------------------------+---------------------+--------------+
Note: For table entries with two numbers listed, the numbers in parentheses indicate the number of resources of the given type used by the specific entity alone. The numbers listed outside of parentheses indicate the total resources of the given type used by the specific entity and all of its sub-entities in the hierarchy.


Encoding Type:  One-Hot
+------------------------------------------------------------------------------------------------------------------------------------------+
; State Machine - |teste|I2C_READ:inst|state                                                                                               ;
+---------------+------------+------------+------------+-------------+------------+-------------+------------+---------------+-------------+
; Name          ; state.IDLE ; state.STOP ; state.NACK ; state.READ2 ; state.ACK2 ; state.READ1 ; state.ACK1 ; state.ADDRESS ; state.START ;
+---------------+------------+------------+------------+-------------+------------+-------------+------------+---------------+-------------+
; state.IDLE    ; 0          ; 0          ; 0          ; 0           ; 0          ; 0           ; 0          ; 0             ; 0           ;
; state.START   ; 1          ; 0          ; 0          ; 0           ; 0          ; 0           ; 0          ; 0             ; 1           ;
; state.ADDRESS ; 1          ; 0          ; 0          ; 0           ; 0          ; 0           ; 0          ; 1             ; 0           ;
; state.ACK1    ; 1          ; 0          ; 0          ; 0           ; 0          ; 0           ; 1          ; 0             ; 0           ;
; state.READ1   ; 1          ; 0          ; 0          ; 0           ; 0          ; 1           ; 0          ; 0             ; 0           ;
; state.ACK2    ; 1          ; 0          ; 0          ; 0           ; 1          ; 0           ; 0          ; 0             ; 0           ;
; state.READ2   ; 1          ; 0          ; 0          ; 1           ; 0          ; 0           ; 0          ; 0             ; 0           ;
; state.NACK    ; 1          ; 0          ; 1          ; 0           ; 0          ; 0           ; 0          ; 0             ; 0           ;
; state.STOP    ; 1          ; 1          ; 0          ; 0           ; 0          ; 0           ; 0          ; 0             ; 0           ;
+---------------+------------+------------+------------+-------------+------------+-------------+------------+---------------+-------------+


Encoding Type:  One-Hot
+-----------------------------------------------------------+
; State Machine - |teste|I2C_READ:inst|cnt                  ;
+---------+---------+---------+---------+---------+---------+
; Name    ; cnt.000 ; cnt.011 ; cnt.010 ; cnt.001 ; cnt.101 ;
+---------+---------+---------+---------+---------+---------+
; cnt.101 ; 0       ; 0       ; 0       ; 0       ; 0       ;
; cnt.001 ; 0       ; 0       ; 0       ; 1       ; 1       ;
; cnt.010 ; 0       ; 0       ; 1       ; 0       ; 1       ;
; cnt.011 ; 0       ; 1       ; 0       ; 0       ; 1       ;
; cnt.000 ; 1       ; 0       ; 0       ; 0       ; 1       ;
+---------+---------+---------+---------+---------+---------+


+---------------------------------------------------------------------------------+
; Registers Removed During Synthesis                                              ;
+----------------------------------------+----------------------------------------+
; Register name                          ; Reason for Removal                     ;
+----------------------------------------+----------------------------------------+
; I2C_READ:inst|address_reg[7]           ; Stuck at VCC due to stuck port data_in ;
; I2C_READ:inst|address_reg[5,6]         ; Stuck at GND due to stuck port data_in ;
; I2C_READ:inst|address_reg[4]           ; Stuck at VCC due to stuck port data_in ;
; I2C_READ:inst|address_reg[1..3]        ; Stuck at GND due to stuck port data_in ;
; I2C_READ:inst|address_reg[0]           ; Stuck at VCC due to stuck port data_in ;
; I2C_READ:inst|cnt.101                  ; Lost fanout                            ;
; I2C_READ:inst|state~14                 ; Lost fanout                            ;
; I2C_READ:inst|cnt~4                    ; Lost fanout                            ;
; I2C_READ:inst|cnt~5                    ; Lost fanout                            ;
; I2C_READ:inst|timer_cnt[0]             ; Merged with I2C_READ:inst|scl_cnt[0]   ;
; I2C_READ:inst|timer_cnt[1]             ; Merged with I2C_READ:inst|scl_cnt[1]   ;
; Total Number of Removed Registers = 14 ;                                        ;
+----------------------------------------+----------------------------------------+


+------------------------------------------------------+
; General Register Statistics                          ;
+----------------------------------------------+-------+
; Statistic                                    ; Value ;
+----------------------------------------------+-------+
; Total registers                              ; 78    ;
; Number of registers using Synchronous Clear  ; 0     ;
; Number of registers using Synchronous Load   ; 0     ;
; Number of registers using Asynchronous Clear ; 0     ;
; Number of registers using Asynchronous Load  ; 0     ;
; Number of registers using Clock Enable       ; 4     ;
; Number of registers using Preset             ; 0     ;
+----------------------------------------------+-------+


+------------------------------------------------------------------------------------------------------------------------------------------------+
; Multiplexer Restructuring Statistics (Restructuring Performed)                                                                                 ;
+--------------------+-----------+---------------+----------------------+------------------------+------------+----------------------------------+
; Multiplexer Inputs ; Bus Width ; Baseline Area ; Area if Restructured ; Saving if Restructured ; Registered ; Example Multiplexer Output       ;
+--------------------+-----------+---------------+----------------------+------------------------+------------+----------------------------------+
; 9:1                ; 4 bits    ; 24 LEs        ; 4 LEs                ; 20 LEs                 ; Yes        ; |teste|I2C_READ:inst|data_cnt[2] ;
; 4:1                ; 2 bits    ; 4 LEs         ; 4 LEs                ; 0 LEs                  ; No         ; |teste|seteseg:inst3|Mux6        ;
; 4:1                ; 2 bits    ; 4 LEs         ; 4 LEs                ; 0 LEs                  ; No         ; |teste|seteseg:inst3|Mux7        ;
+--------------------+-----------+---------------+----------------------+------------------------+------------+----------------------------------+


+------------------------------------------------------------+
; Parameter Settings for User Entity Instance: I2C_READ:inst ;
+----------------+-----------+-------------------------------+
; Parameter Name ; Value     ; Type                          ;
+----------------+-----------+-------------------------------+
; IDLE           ; 000000000 ; Unsigned Binary               ;
; START          ; 000000010 ; Unsigned Binary               ;
; ADDRESS        ; 000000100 ; Unsigned Binary               ;
; ACK1           ; 000001000 ; Unsigned Binary               ;
; READ1          ; 000010000 ; Unsigned Binary               ;
; ACK2           ; 000100000 ; Unsigned Binary               ;
; READ2          ; 001000000 ; Unsigned Binary               ;
; NACK           ; 010000000 ; Unsigned Binary               ;
; STOP           ; 100000000 ; Unsigned Binary               ;
+----------------+-----------+-------------------------------+
Note: In order to hide this table in the UI and the text report file, please set the "Show Parameter Settings in Synthesis Report" option in "Analysis and Synthesis Settings -> More Settings" to "Off".


+----------------------------------------------------------------------------------+
; Parameter Settings for Inferred Entity Instance: data2temp:inst1|lpm_divide:Div1 ;
+------------------------+----------------+----------------------------------------+
; Parameter Name         ; Value          ; Type                                   ;
+------------------------+----------------+----------------------------------------+
; LPM_WIDTHN             ; 12             ; Untyped                                ;
; LPM_WIDTHD             ; 4              ; Untyped                                ;
; LPM_NREPRESENTATION    ; UNSIGNED       ; Untyped                                ;
; LPM_DREPRESENTATION    ; UNSIGNED       ; Untyped                                ;
; LPM_PIPELINE           ; 0              ; Untyped                                ;
; LPM_REMAINDERPOSITIVE  ; TRUE           ; Untyped                                ;
; MAXIMIZE_SPEED         ; 5              ; Untyped                                ;
; CBXI_PARAMETER         ; lpm_divide_uim ; Untyped                                ;
; CARRY_CHAIN            ; MANUAL         ; Untyped                                ;
; OPTIMIZE_FOR_SPEED     ; 5              ; Untyped                                ;
; AUTO_CARRY_CHAINS      ; ON             ; AUTO_CARRY                             ;
; IGNORE_CARRY_BUFFERS   ; OFF            ; IGNORE_CARRY                           ;
; AUTO_CASCADE_CHAINS    ; ON             ; AUTO_CASCADE                           ;
; IGNORE_CASCADE_BUFFERS ; OFF            ; IGNORE_CASCADE                         ;
+------------------------+----------------+----------------------------------------+
Note: In order to hide this table in the UI and the text report file, please set the "Show Parameter Settings in Synthesis Report" option in "Analysis and Synthesis Settings -> More Settings" to "Off".


+----------------------------------------------------------------------------------+
; Parameter Settings for Inferred Entity Instance: data2temp:inst1|lpm_divide:Mod0 ;
+------------------------+----------------+----------------------------------------+
; Parameter Name         ; Value          ; Type                                   ;
+------------------------+----------------+----------------------------------------+
; LPM_WIDTHN             ; 12             ; Untyped                                ;
; LPM_WIDTHD             ; 12             ; Untyped                                ;
; LPM_NREPRESENTATION    ; UNSIGNED       ; Untyped                                ;
; LPM_DREPRESENTATION    ; UNSIGNED       ; Untyped                                ;
; LPM_PIPELINE           ; 0              ; Untyped                                ;
; LPM_REMAINDERPOSITIVE  ; TRUE           ; Untyped                                ;
; MAXIMIZE_SPEED         ; 5              ; Untyped                                ;
; CBXI_PARAMETER         ; lpm_divide_gcm ; Untyped                                ;
; CARRY_CHAIN            ; MANUAL         ; Untyped                                ;
; OPTIMIZE_FOR_SPEED     ; 5              ; Untyped                                ;
; AUTO_CARRY_CHAINS      ; ON             ; AUTO_CARRY                             ;
; IGNORE_CARRY_BUFFERS   ; OFF            ; IGNORE_CARRY                           ;
; AUTO_CASCADE_CHAINS    ; ON             ; AUTO_CASCADE                           ;
; IGNORE_CASCADE_BUFFERS ; OFF            ; IGNORE_CASCADE                         ;
+------------------------+----------------+----------------------------------------+
Note: In order to hide this table in the UI and the text report file, please set the "Show Parameter Settings in Synthesis Report" option in "Analysis and Synthesis Settings -> More Settings" to "Off".


+----------------------------------------------------------------------------------+
; Parameter Settings for Inferred Entity Instance: data2temp:inst1|lpm_divide:Mod1 ;
+------------------------+----------------+----------------------------------------+
; Parameter Name         ; Value          ; Type                                   ;
+------------------------+----------------+----------------------------------------+
; LPM_WIDTHN             ; 12             ; Untyped                                ;
; LPM_WIDTHD             ; 12             ; Untyped                                ;
; LPM_NREPRESENTATION    ; UNSIGNED       ; Untyped                                ;
; LPM_DREPRESENTATION    ; UNSIGNED       ; Untyped                                ;
; LPM_PIPELINE           ; 0              ; Untyped                                ;
; LPM_REMAINDERPOSITIVE  ; TRUE           ; Untyped                                ;
; MAXIMIZE_SPEED         ; 5              ; Untyped                                ;
; CBXI_PARAMETER         ; lpm_divide_gcm ; Untyped                                ;
; CARRY_CHAIN            ; MANUAL         ; Untyped                                ;
; OPTIMIZE_FOR_SPEED     ; 5              ; Untyped                                ;
; AUTO_CARRY_CHAINS      ; ON             ; AUTO_CARRY                             ;
; IGNORE_CARRY_BUFFERS   ; OFF            ; IGNORE_CARRY                           ;
; AUTO_CASCADE_CHAINS    ; ON             ; AUTO_CASCADE                           ;
; IGNORE_CASCADE_BUFFERS ; OFF            ; IGNORE_CASCADE                         ;
+------------------------+----------------+----------------------------------------+
Note: In order to hide this table in the UI and the text report file, please set the "Show Parameter Settings in Synthesis Report" option in "Analysis and Synthesis Settings -> More Settings" to "Off".


+----------------------------------------------------------------------------------+
; Parameter Settings for Inferred Entity Instance: data2temp:inst1|lpm_divide:Div0 ;
+------------------------+----------------+----------------------------------------+
; Parameter Name         ; Value          ; Type                                   ;
+------------------------+----------------+----------------------------------------+
; LPM_WIDTHN             ; 12             ; Untyped                                ;
; LPM_WIDTHD             ; 7              ; Untyped                                ;
; LPM_NREPRESENTATION    ; UNSIGNED       ; Untyped                                ;
; LPM_DREPRESENTATION    ; UNSIGNED       ; Untyped                                ;
; LPM_PIPELINE           ; 0              ; Untyped                                ;
; LPM_REMAINDERPOSITIVE  ; TRUE           ; Untyped                                ;
; MAXIMIZE_SPEED         ; 5              ; Untyped                                ;
; CBXI_PARAMETER         ; lpm_divide_1jm ; Untyped                                ;
; CARRY_CHAIN            ; MANUAL         ; Untyped                                ;
; OPTIMIZE_FOR_SPEED     ; 5              ; Untyped                                ;
; AUTO_CARRY_CHAINS      ; ON             ; AUTO_CARRY                             ;
; IGNORE_CARRY_BUFFERS   ; OFF            ; IGNORE_CARRY                           ;
; AUTO_CASCADE_CHAINS    ; ON             ; AUTO_CASCADE                           ;
; IGNORE_CASCADE_BUFFERS ; OFF            ; IGNORE_CASCADE                         ;
+------------------------+----------------+----------------------------------------+
Note: In order to hide this table in the UI and the text report file, please set the "Show Parameter Settings in Synthesis Report" option in "Analysis and Synthesis Settings -> More Settings" to "Off".


+-----------------------------------------------------+
; Post-Synthesis Netlist Statistics for Top Partition ;
+-----------------------+-----------------------------+
; Type                  ; Count                       ;
+-----------------------+-----------------------------+
; boundary_port         ; 15                          ;
; cycloneiii_ff         ; 78                          ;
;     ENA               ; 4                           ;
;     plain             ; 74                          ;
; cycloneiii_io_obuf    ; 1                           ;
; cycloneiii_lcell_comb ; 335                         ;
;     arith             ; 117                         ;
;         1 data inputs ; 15                          ;
;         2 data inputs ; 63                          ;
;         3 data inputs ; 39                          ;
;     normal            ; 218                         ;
;         0 data inputs ; 10                          ;
;         1 data inputs ; 6                           ;
;         2 data inputs ; 91                          ;
;         3 data inputs ; 23                          ;
;         4 data inputs ; 88                          ;
;                       ;                             ;
; Max LUT depth         ; 14.80                       ;
; Average LUT depth     ; 7.91                        ;
+-----------------------+-----------------------------+


+-------------------------------+
; Elapsed Time Per Partition    ;
+----------------+--------------+
; Partition Name ; Elapsed Time ;
+----------------+--------------+
; Top            ; 00:00:01     ;
+----------------+--------------+


+-------------------------------+
; Analysis & Synthesis Messages ;
+-------------------------------+
Info: *******************************************************************
Info: Running Quartus Prime Analysis & Synthesis
    Info: Version 20.1.1 Build 720 11/11/2020 SJ Lite Edition
    Info: Processing started: Sat Apr 24 11:48:05 2021
Info: Command: quartus_map --read_settings_files=on --write_settings_files=off Projeto3 -c Projeto3
Warning (18236): Number of processors has not been specified which may cause overloading on shared machines.  Set the global assignment NUM_PARALLEL_PROCESSORS in your QSF to an appropriate value for best performance.
Info (20030): Parallel compilation is enabled and will use 4 of the 4 processors detected
Info (12021): Found 2 design units, including 1 entities, in source file seteseg.vhd
    Info (12022): Found design unit 1: seteseg-behavior File: D:/Estudo/Eletronica_Digital/P3/seteseg.vhd Line: 13
    Info (12023): Found entity 1: seteseg File: D:/Estudo/Eletronica_Digital/P3/seteseg.vhd Line: 5
Info (12021): Found 1 design units, including 1 entities, in source file seg_d.v
    Info (12023): Found entity 1: SEG_D File: D:/Estudo/Eletronica_Digital/P3/SEG_D.v Line: 1
Info (12021): Found 1 design units, including 1 entities, in source file lm75.v
    Info (12023): Found entity 1: lm75 File: D:/Estudo/Eletronica_Digital/P3/lm75.v Line: 1
Info (12021): Found 2 design units, including 1 entities, in source file lcd_example_favs.vhd
    Info (12022): Found design unit 1: lcd_example_favs-behavior File: D:/Estudo/Eletronica_Digital/P3/lcd_example_favs.vhd Line: 37
    Info (12023): Found entity 1: lcd_example_favs File: D:/Estudo/Eletronica_Digital/P3/lcd_example_favs.vhd Line: 29
Info (12021): Found 2 design units, including 1 entities, in source file lcd_controller_v2_1.vhd
    Info (12022): Found design unit 1: lcd_controller_v2_1-controller File: D:/Estudo/Eletronica_Digital/P3/lcd_controller_v2_1.vhd Line: 62
    Info (12023): Found entity 1: lcd_controller_v2_1 File: D:/Estudo/Eletronica_Digital/P3/lcd_controller_v2_1.vhd Line: 51
Info (12021): Found 1 design units, including 1 entities, in source file i2c_read.v
    Info (12023): Found entity 1: I2C_READ File: D:/Estudo/Eletronica_Digital/P3/I2C_READ.v Line: 1
Info (12021): Found 2 design units, including 1 entities, in source file data2temp.vhd
    Info (12022): Found design unit 1: data2temp-behavior File: D:/Estudo/Eletronica_Digital/P3/data2temp.vhd Line: 14
    Info (12023): Found entity 1: data2temp File: D:/Estudo/Eletronica_Digital/P3/data2temp.vhd Line: 6
Info (12021): Found 1 design units, including 1 entities, in source file teste.bdf
    Info (12023): Found entity 1: teste
Info (12021): Found 1 design units, including 1 entities, in source file lcdquarto.bdf
    Info (12023): Found entity 1: lcdquarto
Info (12127): Elaborating entity "teste" for the top level hierarchy
Info (12128): Elaborating entity "I2C_READ" for hierarchy "I2C_READ:inst"
Warning (10230): Verilog HDL assignment warning at I2C_READ.v(94): truncated value with size 15 to match size of target (8) File: D:/Estudo/Eletronica_Digital/P3/I2C_READ.v Line: 94
Warning (10272): Verilog HDL Case Statement warning at I2C_READ.v(138): case item expression covers a value already covered by a previous case item File: D:/Estudo/Eletronica_Digital/P3/I2C_READ.v Line: 138
Info (12128): Elaborating entity "seteseg" for hierarchy "seteseg:inst3"
Warning (10492): VHDL Process Statement warning at seteseg.vhd(32): signal "digito" is read inside the Process Statement but isn't in the Process Statement's sensitivity list File: D:/Estudo/Eletronica_Digital/P3/seteseg.vhd Line: 32
Warning (10492): VHDL Process Statement warning at seteseg.vhd(33): signal "tempdec" is read inside the Process Statement but isn't in the Process Statement's sensitivity list File: D:/Estudo/Eletronica_Digital/P3/seteseg.vhd Line: 33
Warning (10492): VHDL Process Statement warning at seteseg.vhd(34): signal "tempuni" is read inside the Process Statement but isn't in the Process Statement's sensitivity list File: D:/Estudo/Eletronica_Digital/P3/seteseg.vhd Line: 34
Warning (10492): VHDL Process Statement warning at seteseg.vhd(35): signal "tempdez" is read inside the Process Statement but isn't in the Process Statement's sensitivity list File: D:/Estudo/Eletronica_Digital/P3/seteseg.vhd Line: 35
Warning (10492): VHDL Process Statement warning at seteseg.vhd(36): signal "tempcem" is read inside the Process Statement but isn't in the Process Statement's sensitivity list File: D:/Estudo/Eletronica_Digital/P3/seteseg.vhd Line: 36
Warning (10492): VHDL Process Statement warning at seteseg.vhd(38): signal "digito" is read inside the Process Statement but isn't in the Process Statement's sensitivity list File: D:/Estudo/Eletronica_Digital/P3/seteseg.vhd Line: 38
Warning (10492): VHDL Process Statement warning at seteseg.vhd(39): signal "aux" is read inside the Process Statement but isn't in the Process Statement's sensitivity list File: D:/Estudo/Eletronica_Digital/P3/seteseg.vhd Line: 39
Warning (10492): VHDL Process Statement warning at seteseg.vhd(53): signal "aux" is read inside the Process Statement but isn't in the Process Statement's sensitivity list File: D:/Estudo/Eletronica_Digital/P3/seteseg.vhd Line: 53
Info (12128): Elaborating entity "data2temp" for hierarchy "data2temp:inst1"
Warning (10492): VHDL Process Statement warning at data2temp.vhd(22): signal "convert" is read inside the Process Statement but isn't in the Process Statement's sensitivity list File: D:/Estudo/Eletronica_Digital/P3/data2temp.vhd Line: 22
Warning (10492): VHDL Process Statement warning at data2temp.vhd(23): signal "convert" is read inside the Process Statement but isn't in the Process Statement's sensitivity list File: D:/Estudo/Eletronica_Digital/P3/data2temp.vhd Line: 23
Warning (10492): VHDL Process Statement warning at data2temp.vhd(24): signal "convert" is read inside the Process Statement but isn't in the Process Statement's sensitivity list File: D:/Estudo/Eletronica_Digital/P3/data2temp.vhd Line: 24
Info (278001): Inferred 4 megafunctions from design logic
    Info (278004): Inferred divider/modulo megafunction ("lpm_divide") from the following logic: "data2temp:inst1|Div1" File: D:/Estudo/Eletronica_Digital/P3/data2temp.vhd Line: 23
    Info (278004): Inferred divider/modulo megafunction ("lpm_divide") from the following logic: "data2temp:inst1|Mod0" File: D:/Estudo/Eletronica_Digital/P3/data2temp.vhd Line: 23
    Info (278004): Inferred divider/modulo megafunction ("lpm_divide") from the following logic: "data2temp:inst1|Mod1" File: D:/Estudo/Eletronica_Digital/P3/data2temp.vhd Line: 24
    Info (278004): Inferred divider/modulo megafunction ("lpm_divide") from the following logic: "data2temp:inst1|Div0" File: D:/Estudo/Eletronica_Digital/P3/data2temp.vhd Line: 22
Info (12130): Elaborated megafunction instantiation "data2temp:inst1|lpm_divide:Div1" File: D:/Estudo/Eletronica_Digital/P3/data2temp.vhd Line: 23
Info (12133): Instantiated megafunction "data2temp:inst1|lpm_divide:Div1" with the following parameter: File: D:/Estudo/Eletronica_Digital/P3/data2temp.vhd Line: 23
    Info (12134): Parameter "LPM_WIDTHN" = "12"
    Info (12134): Parameter "LPM_WIDTHD" = "4"
    Info (12134): Parameter "LPM_NREPRESENTATION" = "UNSIGNED"
    Info (12134): Parameter "LPM_DREPRESENTATION" = "UNSIGNED"
Info (12021): Found 1 design units, including 1 entities, in source file db/lpm_divide_uim.tdf
    Info (12023): Found entity 1: lpm_divide_uim File: D:/Estudo/Eletronica_Digital/P3/db/lpm_divide_uim.tdf Line: 25
Info (12021): Found 1 design units, including 1 entities, in source file db/sign_div_unsign_mlh.tdf
    Info (12023): Found entity 1: sign_div_unsign_mlh File: D:/Estudo/Eletronica_Digital/P3/db/sign_div_unsign_mlh.tdf Line: 25
Info (12021): Found 1 design units, including 1 entities, in source file db/alt_u_div_07f.tdf
    Info (12023): Found entity 1: alt_u_div_07f File: D:/Estudo/Eletronica_Digital/P3/db/alt_u_div_07f.tdf Line: 27
Info (12021): Found 1 design units, including 1 entities, in source file db/add_sub_7pc.tdf
    Info (12023): Found entity 1: add_sub_7pc File: D:/Estudo/Eletronica_Digital/P3/db/add_sub_7pc.tdf Line: 23
Info (12021): Found 1 design units, including 1 entities, in source file db/add_sub_8pc.tdf
    Info (12023): Found entity 1: add_sub_8pc File: D:/Estudo/Eletronica_Digital/P3/db/add_sub_8pc.tdf Line: 23
Info (12130): Elaborated megafunction instantiation "data2temp:inst1|lpm_divide:Mod0" File: D:/Estudo/Eletronica_Digital/P3/data2temp.vhd Line: 23
Info (12133): Instantiated megafunction "data2temp:inst1|lpm_divide:Mod0" with the following parameter: File: D:/Estudo/Eletronica_Digital/P3/data2temp.vhd Line: 23
    Info (12134): Parameter "LPM_WIDTHN" = "12"
    Info (12134): Parameter "LPM_WIDTHD" = "12"
    Info (12134): Parameter "LPM_NREPRESENTATION" = "UNSIGNED"
    Info (12134): Parameter "LPM_DREPRESENTATION" = "UNSIGNED"
Info (12021): Found 1 design units, including 1 entities, in source file db/lpm_divide_gcm.tdf
    Info (12023): Found entity 1: lpm_divide_gcm File: D:/Estudo/Eletronica_Digital/P3/db/lpm_divide_gcm.tdf Line: 25
Info (12021): Found 1 design units, including 1 entities, in source file db/sign_div_unsign_5nh.tdf
    Info (12023): Found entity 1: sign_div_unsign_5nh File: D:/Estudo/Eletronica_Digital/P3/db/sign_div_unsign_5nh.tdf Line: 25
Info (12021): Found 1 design units, including 1 entities, in source file db/alt_u_div_u9f.tdf
    Info (12023): Found entity 1: alt_u_div_u9f File: D:/Estudo/Eletronica_Digital/P3/db/alt_u_div_u9f.tdf Line: 27
Info (12130): Elaborated megafunction instantiation "data2temp:inst1|lpm_divide:Mod1" File: D:/Estudo/Eletronica_Digital/P3/data2temp.vhd Line: 24
Info (12133): Instantiated megafunction "data2temp:inst1|lpm_divide:Mod1" with the following parameter: File: D:/Estudo/Eletronica_Digital/P3/data2temp.vhd Line: 24
    Info (12134): Parameter "LPM_WIDTHN" = "12"
    Info (12134): Parameter "LPM_WIDTHD" = "12"
    Info (12134): Parameter "LPM_NREPRESENTATION" = "UNSIGNED"
    Info (12134): Parameter "LPM_DREPRESENTATION" = "UNSIGNED"
Info (12130): Elaborated megafunction instantiation "data2temp:inst1|lpm_divide:Div0" File: D:/Estudo/Eletronica_Digital/P3/data2temp.vhd Line: 22
Info (12133): Instantiated megafunction "data2temp:inst1|lpm_divide:Div0" with the following parameter: File: D:/Estudo/Eletronica_Digital/P3/data2temp.vhd Line: 22
    Info (12134): Parameter "LPM_WIDTHN" = "12"
    Info (12134): Parameter "LPM_WIDTHD" = "7"
    Info (12134): Parameter "LPM_NREPRESENTATION" = "UNSIGNED"
    Info (12134): Parameter "LPM_DREPRESENTATION" = "UNSIGNED"
Info (12021): Found 1 design units, including 1 entities, in source file db/lpm_divide_1jm.tdf
    Info (12023): Found entity 1: lpm_divide_1jm File: D:/Estudo/Eletronica_Digital/P3/db/lpm_divide_1jm.tdf Line: 25
Info (12021): Found 1 design units, including 1 entities, in source file db/sign_div_unsign_plh.tdf
    Info (12023): Found entity 1: sign_div_unsign_plh File: D:/Estudo/Eletronica_Digital/P3/db/sign_div_unsign_plh.tdf Line: 25
Info (12021): Found 1 design units, including 1 entities, in source file db/alt_u_div_67f.tdf
    Info (12023): Found entity 1: alt_u_div_67f File: D:/Estudo/Eletronica_Digital/P3/db/alt_u_div_67f.tdf Line: 27
Info (286030): Timing-Driven Synthesis is running
Info (17049): 4 registers lost all their fanouts during netlist optimizations.
Info (17016): Found the following redundant logic cells in design
    Info (17048): Logic cell "data2temp:inst1|lpm_divide:Mod0|lpm_divide_gcm:auto_generated|sign_div_unsign_5nh:divider|alt_u_div_u9f:divider|add_sub_11_result_int[0]~0" File: D:/Estudo/Eletronica_Digital/P3/db/alt_u_div_u9f.tdf Line: 42
Info (16010): Generating hard_block partition "hard_block:auto_generated_inst"
    Info (16011): Adding 0 node(s), including 0 DDIO, 0 PLL, 0 transceiver and 0 LCELL
Info (21057): Implemented 349 device resources after synthesis - the final resource count might be different
    Info (21058): Implemented 1 input pins
    Info (21059): Implemented 13 output pins
    Info (21060): Implemented 1 bidirectional pins
    Info (21061): Implemented 334 logic cells
Info: Quartus Prime Analysis & Synthesis was successful. 0 errors, 14 warnings
    Info: Peak virtual memory: 4812 megabytes
    Info: Processing ended: Sat Apr 24 11:48:15 2021
    Info: Elapsed time: 00:00:10
    Info: Total CPU time (on all processors): 00:00:21


